-----------------
INPUT
----------------- 
/** @gqlType */
class User {
  /** @gqlField */
  greeting(
    /**
     * A great name
     * @deprecated
     */
    name?: string | null,
  ): string {
    return `Hello ${name}`;
  }
}

-----------------
OUTPUT
-----------------
-- SDL --
type User {
  greeting(
    """A great name"""
    name: String @deprecated @positionalArg(position: 0)
  ): String
}
-- TypeScript --
import { GraphQLSchema, GraphQLObjectType, GraphQLString } from "graphql";
export function getSchema(): GraphQLSchema {
    const UserType: GraphQLObjectType = new GraphQLObjectType({
        name: "User",
        fields() {
            return {
                greeting: {
                    name: "greeting",
                    type: GraphQLString,
                    args: {
                        name: {
                            description: "A great name",
                            deprecationReason: "No longer supported",
                            name: "name",
                            type: GraphQLString
                        }
                    },
                    resolve(source, args, context, info) {
                        return typeof source.resolve === "function" ? source.resolve(args.name) : source.resolve;
                    }
                }
            };
        }
    });
    return new GraphQLSchema({
        types: [UserType]
    });
}
