-----------------
INPUT
----------------- 
/** @GQLType */
export default class Query {
  /** @GQLField */
  hello(args): string {
    return "Hello world!";
  }
}

-----------------
OUTPUT
-----------------
src/tests/fixtures/arguments/NoTypeAnnotation.invalid.ts:4:9 - error: Expected GraphQL field arguments to have a TypeScript type. If there are no arguments, you can use `args: never`.

4   hello(args): string {
          ~~~~
