-----------------
INPUT
----------------- 
/** @gqlType */
class SomeType {
  /** @gqlField */
  hello: MyEnum;
}

/**
 * Hello!
 * @gqlEnum
 */
type MyEnum = "VALID" | "INVALID";

-----------------
OUTPUT
-----------------
directive @methodName(name: String!) on FIELD_DEFINITION

directive @exported(filename: String!, functionName: String!) on FIELD_DEFINITION

type SomeType {
  hello: MyEnum
}

"""Hello!"""
enum MyEnum {
  VALID
  INVALID
}