-----------------
INPUT
----------------- 
directive @methodName(name: String!) on FIELD_DEFINITION

type Query {
  greeting: String @methodName(name: "salutation")
}

-----------------
OUTPUT
-----------------
import { GraphQLSchema, GraphQLObjectType, GraphQLString } from "graphql";
const QueryType: GraphQLObjectType = new GraphQLObjectType({
    name: "Query",
    fields() {
        return {
            greeting: {
                name: "greeting",
                type: GraphQLString
            }
        };
    }
});
const schema = new GraphQLSchema({
    query: QueryType
});
export { schema };
