-----------------
INPUT
----------------- 
/** @GQLType */
export default class Query {
  /** @GQLField */
  me(): IPerson {
    return new User();
  }
}

/** @GQLInterface Person */
interface IPerson {
  /** @GQLField */
  name: string;
}

/** @GQLType */
class User implements IPerson {
  /** @GQLField */
  name: string;
}

-----------------
OUTPUT
-----------------
schema {
  query: Query
}

directive @methodName(name: String!) on FIELD_DEFINITION

directive @exported(filename: String!, functionName: String!) on FIELD_DEFINITION

type Query {
  me: Person
}

interface Person {
  name: String
}

type User implements Person {
  name: String
}