-----------------
INPUT
----------------- 
/** @gqlType */
export default class SomeType {
  /** @gqlField */
  async hello(): Promise<string> {
    return "Hello world!";
  }
}

-----------------
OUTPUT
-----------------
directive @asyncIterable on FIELD_DEFINITION

directive @propertyName(name: String!) on FIELD_DEFINITION

directive @exported(tsModulePath: String!, functionName: String!, argCount: Int!) on FIELD_DEFINITION

type SomeType {
  hello: String
}