-----------------
INPUT
----------------- 
/** @gqlScalar */
type MyString = string;

/** @gqlType */
export default class SomeType {
  /** @gqlField */
  hello(): MyString {
    return "Hello world!";
  }
}

-----------------
OUTPUT
-----------------
-- SDL --
directive @asyncIterable on FIELD_DEFINITION

directive @propertyName(name: String!) on FIELD_DEFINITION

directive @exported(tsModulePath: String!, functionName: String!, argCount: Int!) on FIELD_DEFINITION

scalar MyString

type SomeType {
  hello: MyString
}
-- TypeScript --
import { GraphQLSchema, GraphQLScalarType, GraphQLObjectType } from "graphql";
function getSchema(): GraphQLSchema {
    const MyStringType: GraphQLScalarType = new GraphQLScalarType({
        name: "MyString"
    });
    const SomeTypeType: GraphQLObjectType = new GraphQLObjectType({
        name: "SomeType",
        fields() {
            return {
                hello: {
                    name: "hello",
                    type: MyStringType
                }
            };
        }
    });
    return new GraphQLSchema({
        types: [MyStringType, SomeTypeType]
    });
}
export { getSchema };
