-----------------
INPUT
----------------- 
/** @gqlType */
export default class SomeType {
  /** @gqlField */
  hello(): string {
    return "Hello world!";
  }
}

-----------------
OUTPUT
-----------------
directive @asyncIterable on FIELD_DEFINITION

directive @methodName(name: String!) on FIELD_DEFINITION

directive @exported(jsModulePath: String!, tsModulePath: String!, functionName: String!, argCount: Int!) on FIELD_DEFINITION

type SomeType {
  hello: String
}