-----------------
INPUT
----------------- 
/**
 * @gqlType
 * @gqlImplements Person
 */
export type User = {
  __typename: "User";
  /** @gqlField */
  name: string;
};

/** @gqlInterface */
interface Person {
  /** @gqlField */
  name: string;
}

-----------------
OUTPUT
-----------------
directive @methodName(name: String!) on FIELD_DEFINITION

directive @exported(filename: String!, functionName: String!) on FIELD_DEFINITION

type User implements Person {
  name: String
}

interface Person {
  name: String
}