-----------------
INPUT
----------------- 
type Mutation {
  setGreeting(greeting: String): String
}

-----------------
OUTPUT
-----------------
import { GraphQLSchema, GraphQLObjectType, GraphQLString } from "graphql";
const MutationType: GraphQLObjectType = new GraphQLObjectType({
    name: "Mutation",
    fields() {
        return {
            setGreeting: {
                name: "setGreeting",
                type: GraphQLString,
                args: {
                    greeting: {
                        name: "greeting",
                        type: GraphQLString
                    }
                }
            }
        };
    }
});
const schema = new GraphQLSchema({
    mutation: MutationType
});
export { schema };
