-----------------
INPUT
----------------- 
export type GratsContext = {
  greeting: string;
};

/** @gqlType */
export class Query {
  /** @gqlField */
  greeting(args: unknown, ctx: GratsContext): string {
    return ctx.greeting;
  }
}

-----------------
OUTPUT
-----------------
schema {
  query: Query
}

directive @methodName(name: String!) on FIELD_DEFINITION

directive @exported(filename: String!, functionName: String!) on FIELD_DEFINITION

type Query {
  greeting: String
}