-----------------
INPUT
----------------- 
type GratsContext = {
  greeting: string;
};

/** @gqlType */
export class SomeType {
  /** @gqlField */
  greeting(args: unknown, ctx: GratsContext): string {
    return ctx.greeting;
  }
}

-----------------
OUTPUT
-----------------
directive @asyncIterable on FIELD_DEFINITION

directive @methodName(name: String!) on FIELD_DEFINITION

directive @exported(jsModulePath: String!, tsModulePath: String!, functionName: String!, argCount: Int!) on FIELD_DEFINITION

type SomeType {
  greeting: String
}