-----------------
INPUT
----------------- 
/**
 *
 *
 *
 *
 *
 *
 *
 *
 *
 * Sup
 *
 *
 *
 *
 *
 *
 *
 *
 * @gqlType
 */
class SomeType {
  /** @gqlField */
  name: string;
}

-----------------
OUTPUT
-----------------
directive @methodName(name: String!) on FIELD_DEFINITION

directive @exported(filename: String!, functionName: String!) on FIELD_DEFINITION

"""Sup"""
type SomeType {
  name: String
}